Traceback (most recent call last):
  File "guiminer.py", line 860, in toggle_mining
  File "guiminer.py", line 1008, in start_mining
  File "subprocess.pyo", line 679, in __init__
  File "subprocess.pyo", line 896, in _execute_child
WindowsError: [Error 267] The directory name is invalid
Traceback (most recent call last):
  File "guiminer.py", line 860, in toggle_mining
  File "guiminer.py", line 1008, in start_mining
  File "subprocess.pyo", line 679, in __init__
  File "subprocess.pyo", line 896, in _execute_child
WindowsError: [Error 267] The directory name is invalid
Traceback (most recent call last):
  File "guiminer.py", line 860, in toggle_mining
  File "guiminer.py", line 1008, in start_mining
  File "subprocess.pyo", line 679, in __init__
  File "subprocess.pyo", line 896, in _execute_child
WindowsError: [Error 267] The directory name is invalid
Traceback (most recent call last):
  File "guiminer.py", line 860, in toggle_mining
  File "guiminer.py", line 1008, in start_mining
  File "subprocess.pyo", line 679, in __init__
  File "subprocess.pyo", line 896, in _execute_child
WindowsError: [Error 267] The directory name is invalid
Exception in thread Thread-6:
Traceback (most recent call last):
  File "threading.pyo", line 551, in __bootstrap_inner
  File "threading.pyo", line 504, in run
  File "guiminer.py", line 1274, in request_balance_get
  File "guiminer.py", line 237, in http_request
  File "httplib.pyo", line 958, in request
  File "httplib.pyo", line 992, in _send_request
  File "httplib.pyo", line 954, in endheaders
  File "httplib.pyo", line 814, in _send_output
  File "httplib.pyo", line 776, in send
  File "httplib.pyo", line 757, in connect
  File "socket.pyo", line 553, in create_connection
LookupError: unknown encoding: idna

Traceback (most recent call last):
  File "guiminer.py", line 860, in toggle_mining
  File "guiminer.py", line 1001, in start_mining
  File "subprocess.pyo", line 679, in __init__
  File "subprocess.pyo", line 896, in _execute_child
WindowsError: [Error 2] The system cannot find the file specified
Traceback (most recent call last):
  File "guiminer.py", line 860, in toggle_mining
  File "guiminer.py", line 1001, in start_mining
  File "subprocess.pyo", line 679, in __init__
  File "subprocess.pyo", line 896, in _execute_child
WindowsError: [Error 2] The system cannot find the file specified
Traceback (most recent call last):
  File "guiminer.py", line 860, in toggle_mining
  File "guiminer.py", line 1001, in start_mining
  File "subprocess.pyo", line 679, in __init__
  File "subprocess.pyo", line 896, in _execute_child
WindowsError: [Error 2] The system cannot find the file specified
Traceback (most recent call last):
  File "guiminer.py", line 860, in toggle_mining
  File "guiminer.py", line 1001, in start_mining
  File "subprocess.pyo", line 679, in __init__
  File "subprocess.pyo", line 896, in _execute_child
WindowsError: [Error 2] The system cannot find the file specified
Traceback (most recent call last):
  File "guiminer.py", line 860, in toggle_mining
  File "guiminer.py", line 1001, in start_mining
  File "subprocess.pyo", line 679, in __init__
  File "subprocess.pyo", line 896, in _execute_child
WindowsError: [Error 2] The system cannot find the file specified
Traceback (most recent call last):
  File "guiminer.py", line 860, in toggle_mining
  File "guiminer.py", line 1001, in start_mining
  File "subprocess.pyo", line 679, in __init__
  File "subprocess.pyo", line 896, in _execute_child
WindowsError: [Error 2] The system cannot find the file specified
Traceback (most recent call last):
  File "guiminer.py", line 860, in toggle_mining
  File "guiminer.py", line 1001, in start_mining
  File "subprocess.pyo", line 679, in __init__
  File "subprocess.pyo", line 896, in _execute_child
WindowsError: [Error 2] The system cannot find the file specified
Traceback (most recent call last):
  File "guiminer.py", line 860, in toggle_mining
  File "guiminer.py", line 1001, in start_mining
  File "subprocess.pyo", line 679, in __init__
  File "subprocess.pyo", line 896, in _execute_child
WindowsError: [Error 2] The system cannot find the file specified
Traceback (most recent call last):
  File "guiminer.py", line 860, in toggle_mining
  File "guiminer.py", line 1001, in start_mining
  File "subprocess.pyo", line 679, in __init__
  File "subprocess.pyo", line 896, in _execute_child
WindowsError: [Error 2] The system cannot find the file specified
Traceback (most recent call last):
  File "guiminer.py", line 860, in toggle_mining
  File "guiminer.py", line 1001, in start_mining
  File "subprocess.pyo", line 679, in __init__
  File "subprocess.pyo", line 896, in _execute_child
WindowsError: [Error 2] The system cannot find the file specified
Traceback (most recent call last):
  File "guiminer.py", line 860, in toggle_mining
  File "guiminer.py", line 1001, in start_mining
  File "subprocess.pyo", line 679, in __init__
  File "subprocess.pyo", line 896, in _execute_child
WindowsError: [Error 2] The system cannot find the file specified
Traceback (most recent call last):
  File "guiminer.py", line 860, in toggle_mining
  File "guiminer.py", line 1008, in start_mining
  File "subprocess.pyo", line 679, in __init__
  File "subprocess.pyo", line 896, in _execute_child
WindowsError: [Error 267] The directory name is invalid
Traceback (most recent call last):
  File "guiminer.py", line 860, in toggle_mining
  File "guiminer.py", line 1008, in start_mining
  File "subprocess.pyo", line 679, in __init__
  File "subprocess.pyo", line 896, in _execute_child
WindowsError: [Error 267] The directory name is invalid
Traceback (most recent call last):
  File "guiminer.py", line 860, in toggle_mining
  File "guiminer.py", line 1008, in start_mining
  File "subprocess.pyo", line 679, in __init__
  File "subprocess.pyo", line 896, in _execute_child
WindowsError: [Error 267] The directory name is invalid
Traceback (most recent call last):
  File "guiminer.py", line 860, in toggle_mining
  File "guiminer.py", line 1008, in start_mining
  File "subprocess.pyo", line 679, in __init__
  File "subprocess.pyo", line 896, in _execute_child
WindowsError: [Error 267] The directory name is invalid
Traceback (most recent call last):
  File "guiminer.py", line 860, in toggle_mining
  File "guiminer.py", line 1008, in start_mining
  File "subprocess.pyo", line 679, in __init__
  File "subprocess.pyo", line 896, in _execute_child
WindowsError: [Error 267] The directory name is invalid
Traceback (most recent call last):
  File "guiminer.py", line 860, in toggle_mining
  File "guiminer.py", line 1008, in start_mining
  File "subprocess.pyo", line 679, in __init__
  File "subprocess.pyo", line 896, in _execute_child
WindowsError: [Error 267] The directory name is invalid
Traceback (most recent call last):
  File "guiminer.py", line 860, in toggle_mining
  File "guiminer.py", line 1001, in start_mining
  File "subprocess.pyo", line 679, in __init__
  File "subprocess.pyo", line 896, in _execute_child
WindowsError: [Error 2] The system cannot find the file specified
Traceback (most recent call last):
  File "guiminer.py", line 860, in toggle_mining
  File "guiminer.py", line 1008, in start_mining
  File "subprocess.pyo", line 679, in __init__
  File "subprocess.pyo", line 896, in _execute_child
WindowsError: [Error 2] The system cannot find the file specified
Traceback (most recent call last):
  File "guiminer.py", line 860, in toggle_mining
  File "guiminer.py", line 1008, in start_mining
  File "subprocess.pyo", line 679, in __init__
  File "subprocess.pyo", line 896, in _execute_child
WindowsError: [Error 2] The system cannot find the file specified
Traceback (most recent call last):
  File "guiminer.py", line 860, in toggle_mining
  File "guiminer.py", line 1008, in start_mining
  File "subprocess.pyo", line 679, in __init__
  File "subprocess.pyo", line 896, in _execute_child
WindowsError: [Error 2] The system cannot find the file specified
